../Core/Src/k_task.c:705:6:null_task	0	static
../Core/Src/k_task.c:85:5:osScheduler	16	static
../Core/Src/k_task.c:152:5:osKernelStart	8	static,ignoring_inline_asm
../Core/Src/k_task.c:246:6:osYield	16	static,ignoring_inline_asm
../Core/Src/k_task.c:261:6:PendSV_Handler_Main	0	static
../Core/Src/k_task.c:283:5:osTaskInfo	12	static
../Core/Src/k_task.c:305:6:setStack	0	static,ignoring_inline_asm
../Core/Src/k_task.c:312:6:setStackExit	0	static
../Core/Src/k_task.c:318:6:setStackFirst	0	static,ignoring_inline_asm
../Core/Src/k_task.c:327:5:k_mem_init	20	static
../Core/Src/k_task.c:358:7:k_mem_alloc	24	static
../Core/Src/k_task.c:103:6:osKernelInit	0	static,ignoring_inline_asm
../Core/Src/k_task.c:173:5:osCreateTask	48	static,ignoring_inline_asm
../Core/Src/k_task.c:454:5:k_mem_dealloc	12	static
../Core/Src/k_task.c:266:5:osTaskExit	16	static,ignoring_inline_asm
../Core/Src/k_task.c:555:5:k_mem_count_extfrag	0	static
../Core/Src/k_task.c:576:6:osSleep	16	static,ignoring_inline_asm
../Core/Src/k_task.c:593:6:osPeriodYield	0	static
../Core/Src/k_task.c:599:5:osSetDeadline	12	static,ignoring_inline_asm
../Core/Src/k_task.c:636:5:osCreateDeadlineTask	40	static,ignoring_inline_asm
